// Jest Snapshot v1, https://goo.gl/fbAQLP

exports[`renders App component correctly 1`] = `[Function]`;

exports[`renders FoodMap component correctly 1`] = `[Function]`;
